Connection terminated unexpectedly
Error: Connection terminated unexpectedly
    at C:\Users\Usuario\Desktop\KAREN\Pessoal\Integrai Site\integrai\server\node_modules\pg-pool\index.js:45:11
    at process.processTicksAndRejections (node:internal/process/task_queues:105:5)
    at async migrate (C:\Users\Usuario\Desktop\KAREN\Pessoal\Integrai Site\integrai\server\migrate_financial_categories.ts:14:9)